Namespace(upscale_factor=4, batchSize=8, patch_size=64, testBatchSize=1, ChDim=31, alpha=0.2, nEpochs=152, lr=0.0001, threads=2, seed=123, save_folder='TrainedNet/', outputpath='result/', mode='test')
===> Building model
# network parameters: 6748875
Traceback (most recent call last):
  File "/home/kevin/Documents/Projects/US3RN-testing/main.py", line 113, in <module>
    model.load_state_dict(load_dict["param"])
    ~~~~~~~~~~~~~~~~~~~~~^^^^^^^^^^^^^^^^^^^^
  File "/home/kevin/Documents/Projects/US3RN-testing/.env/lib/python3.13/site-packages/torch/nn/modules/module.py", line 2593, in load_state_dict
    raise RuntimeError(
    ...<3 lines>...
    )
RuntimeError: Error(s) in loading state_dict for DataParallel:
	size mismatch for module.body1.channels_inc: copying a param with shape torch.Size([31, 3, 1, 1]) from checkpoint, the shape in current model is torch.Size([31, 220, 1, 1]).
	size mismatch for module.body1.channels_dec: copying a param with shape torch.Size([3, 31, 1, 1]) from checkpoint, the shape in current model is torch.Size([220, 31, 1, 1]).
	size mismatch for module.body1.upsample1.upsample.0.weight: copying a param with shape torch.Size([3, 3, 3, 3]) from checkpoint, the shape in current model is torch.Size([220, 220, 3, 3]).
	size mismatch for module.body1.upsample1.upsample.0.bias: copying a param with shape torch.Size([3]) from checkpoint, the shape in current model is torch.Size([220]).
	size mismatch for module.body1.upsample1.upsample.1.weight: copying a param with shape torch.Size([3, 3, 3, 3]) from checkpoint, the shape in current model is torch.Size([220, 220, 3, 3]).
	size mismatch for module.body1.upsample1.upsample.1.bias: copying a param with shape torch.Size([3]) from checkpoint, the shape in current model is torch.Size([220]).
	size mismatch for module.body1.upsample2.upsample.0.weight: copying a param with shape torch.Size([3, 3, 3, 3]) from checkpoint, the shape in current model is torch.Size([220, 220, 3, 3]).
	size mismatch for module.body1.upsample2.upsample.0.bias: copying a param with shape torch.Size([3]) from checkpoint, the shape in current model is torch.Size([220]).
	size mismatch for module.body1.upsample2.upsample.1.weight: copying a param with shape torch.Size([3, 3, 3, 3]) from checkpoint, the shape in current model is torch.Size([220, 220, 3, 3]).
	size mismatch for module.body1.upsample2.upsample.1.bias: copying a param with shape torch.Size([3]) from checkpoint, the shape in current model is torch.Size([220]).
	size mismatch for module.body1.downsample1.downsample.0.weight: copying a param with shape torch.Size([3, 1, 3, 3]) from checkpoint, the shape in current model is torch.Size([220, 1, 3, 3]).
	size mismatch for module.body1.downsample1.downsample.0.bias: copying a param with shape torch.Size([3]) from checkpoint, the shape in current model is torch.Size([220]).
	size mismatch for module.body1.downsample1.downsample.1.weight: copying a param with shape torch.Size([3, 1, 3, 3]) from checkpoint, the shape in current model is torch.Size([220, 1, 3, 3]).
	size mismatch for module.body1.downsample1.downsample.1.bias: copying a param with shape torch.Size([3]) from checkpoint, the shape in current model is torch.Size([220]).
	size mismatch for module.body1.nl.g.weight: copying a param with shape torch.Size([1, 3, 1, 1]) from checkpoint, the shape in current model is torch.Size([110, 220, 1, 1]).
	size mismatch for module.body1.nl.g.bias: copying a param with shape torch.Size([1]) from checkpoint, the shape in current model is torch.Size([110]).
	size mismatch for module.body1.nl.W.0.weight: copying a param with shape torch.Size([3, 1, 1, 1]) from checkpoint, the shape in current model is torch.Size([220, 110, 1, 1]).
	size mismatch for module.body1.nl.W.0.bias: copying a param with shape torch.Size([3]) from checkpoint, the shape in current model is torch.Size([220]).
	size mismatch for module.body1.nl.W.1.weight: copying a param with shape torch.Size([3]) from checkpoint, the shape in current model is torch.Size([220]).
	size mismatch for module.body1.nl.W.1.bias: copying a param with shape torch.Size([3]) from checkpoint, the shape in current model is torch.Size([220]).
	size mismatch for module.body1.nl.W.1.running_mean: copying a param with shape torch.Size([3]) from checkpoint, the shape in current model is torch.Size([220]).
	size mismatch for module.body1.nl.W.1.running_var: copying a param with shape torch.Size([3]) from checkpoint, the shape in current model is torch.Size([220]).
	size mismatch for module.body1.nl.theta.weight: copying a param with shape torch.Size([1, 3, 1, 1]) from checkpoint, the shape in current model is torch.Size([110, 220, 1, 1]).
	size mismatch for module.body1.nl.theta.bias: copying a param with shape torch.Size([1]) from checkpoint, the shape in current model is torch.Size([110]).
	size mismatch for module.body1.nl.phi.weight: copying a param with shape torch.Size([1, 3, 1, 1]) from checkpoint, the shape in current model is torch.Size([110, 220, 1, 1]).
	size mismatch for module.body1.nl.phi.bias: copying a param with shape torch.Size([1]) from checkpoint, the shape in current model is torch.Size([110]).
	size mismatch for module.body2.channels_inc: copying a param with shape torch.Size([31, 3, 1, 1]) from checkpoint, the shape in current model is torch.Size([31, 220, 1, 1]).
	size mismatch for module.body2.channels_dec: copying a param with shape torch.Size([3, 31, 1, 1]) from checkpoint, the shape in current model is torch.Size([220, 31, 1, 1]).
	size mismatch for module.body2.upsample1.upsample.0.weight: copying a param with shape torch.Size([3, 3, 3, 3]) from checkpoint, the shape in current model is torch.Size([220, 220, 3, 3]).
	size mismatch for module.body2.upsample1.upsample.0.bias: copying a param with shape torch.Size([3]) from checkpoint, the shape in current model is torch.Size([220]).
	size mismatch for module.body2.upsample1.upsample.1.weight: copying a param with shape torch.Size([3, 3, 3, 3]) from checkpoint, the shape in current model is torch.Size([220, 220, 3, 3]).
	size mismatch for module.body2.upsample1.upsample.1.bias: copying a param with shape torch.Size([3]) from checkpoint, the shape in current model is torch.Size([220]).
	size mismatch for module.body2.upsample2.upsample.0.weight: copying a param with shape torch.Size([3, 3, 3, 3]) from checkpoint, the shape in current model is torch.Size([220, 220, 3, 3]).
	size mismatch for module.body2.upsample2.upsample.0.bias: copying a param with shape torch.Size([3]) from checkpoint, the shape in current model is torch.Size([220]).
	size mismatch for module.body2.upsample2.upsample.1.weight: copying a param with shape torch.Size([3, 3, 3, 3]) from checkpoint, the shape in current model is torch.Size([220, 220, 3, 3]).
	size mismatch for module.body2.upsample2.upsample.1.bias: copying a param with shape torch.Size([3]) from checkpoint, the shape in current model is torch.Size([220]).
	size mismatch for module.body2.downsample1.downsample.0.weight: copying a param with shape torch.Size([3, 1, 3, 3]) from checkpoint, the shape in current model is torch.Size([220, 1, 3, 3]).
	size mismatch for module.body2.downsample1.downsample.0.bias: copying a param with shape torch.Size([3]) from checkpoint, the shape in current model is torch.Size([220]).
	size mismatch for module.body2.downsample1.downsample.1.weight: copying a param with shape torch.Size([3, 1, 3, 3]) from checkpoint, the shape in current model is torch.Size([220, 1, 3, 3]).
	size mismatch for module.body2.downsample1.downsample.1.bias: copying a param with shape torch.Size([3]) from checkpoint, the shape in current model is torch.Size([220]).
	size mismatch for module.body2.nl.g.weight: copying a param with shape torch.Size([1, 3, 1, 1]) from checkpoint, the shape in current model is torch.Size([110, 220, 1, 1]).
	size mismatch for module.body2.nl.g.bias: copying a param with shape torch.Size([1]) from checkpoint, the shape in current model is torch.Size([110]).
	size mismatch for module.body2.nl.W.0.weight: copying a param with shape torch.Size([3, 1, 1, 1]) from checkpoint, the shape in current model is torch.Size([220, 110, 1, 1]).
	size mismatch for module.body2.nl.W.0.bias: copying a param with shape torch.Size([3]) from checkpoint, the shape in current model is torch.Size([220]).
	size mismatch for module.body2.nl.W.1.weight: copying a param with shape torch.Size([3]) from checkpoint, the shape in current model is torch.Size([220]).
	size mismatch for module.body2.nl.W.1.bias: copying a param with shape torch.Size([3]) from checkpoint, the shape in current model is torch.Size([220]).
	size mismatch for module.body2.nl.W.1.running_mean: copying a param with shape torch.Size([3]) from checkpoint, the shape in current model is torch.Size([220]).
	size mismatch for module.body2.nl.W.1.running_var: copying a param with shape torch.Size([3]) from checkpoint, the shape in current model is torch.Size([220]).
	size mismatch for module.body2.nl.theta.weight: copying a param with shape torch.Size([1, 3, 1, 1]) from checkpoint, the shape in current model is torch.Size([110, 220, 1, 1]).
	size mismatch for module.body2.nl.theta.bias: copying a param with shape torch.Size([1]) from checkpoint, the shape in current model is torch.Size([110]).
	size mismatch for module.body2.nl.phi.weight: copying a param with shape torch.Size([1, 3, 1, 1]) from checkpoint, the shape in current model is torch.Size([110, 220, 1, 1]).
	size mismatch for module.body2.nl.phi.bias: copying a param with shape torch.Size([1]) from checkpoint, the shape in current model is torch.Size([110]).
	size mismatch for module.body3.channels_inc: copying a param with shape torch.Size([31, 3, 1, 1]) from checkpoint, the shape in current model is torch.Size([31, 220, 1, 1]).
	size mismatch for module.body3.channels_dec: copying a param with shape torch.Size([3, 31, 1, 1]) from checkpoint, the shape in current model is torch.Size([220, 31, 1, 1]).
	size mismatch for module.body3.upsample1.upsample.0.weight: copying a param with shape torch.Size([3, 3, 3, 3]) from checkpoint, the shape in current model is torch.Size([220, 220, 3, 3]).
	size mismatch for module.body3.upsample1.upsample.0.bias: copying a param with shape torch.Size([3]) from checkpoint, the shape in current model is torch.Size([220]).
	size mismatch for module.body3.upsample1.upsample.1.weight: copying a param with shape torch.Size([3, 3, 3, 3]) from checkpoint, the shape in current model is torch.Size([220, 220, 3, 3]).
	size mismatch for module.body3.upsample1.upsample.1.bias: copying a param with shape torch.Size([3]) from checkpoint, the shape in current model is torch.Size([220]).
	size mismatch for module.body3.upsample2.upsample.0.weight: copying a param with shape torch.Size([3, 3, 3, 3]) from checkpoint, the shape in current model is torch.Size([220, 220, 3, 3]).
	size mismatch for module.body3.upsample2.upsample.0.bias: copying a param with shape torch.Size([3]) from checkpoint, the shape in current model is torch.Size([220]).
	size mismatch for module.body3.upsample2.upsample.1.weight: copying a param with shape torch.Size([3, 3, 3, 3]) from checkpoint, the shape in current model is torch.Size([220, 220, 3, 3]).
	size mismatch for module.body3.upsample2.upsample.1.bias: copying a param with shape torch.Size([3]) from checkpoint, the shape in current model is torch.Size([220]).
	size mismatch for module.body3.downsample1.downsample.0.weight: copying a param with shape torch.Size([3, 1, 3, 3]) from checkpoint, the shape in current model is torch.Size([220, 1, 3, 3]).
	size mismatch for module.body3.downsample1.downsample.0.bias: copying a param with shape torch.Size([3]) from checkpoint, the shape in current model is torch.Size([220]).
	size mismatch for module.body3.downsample1.downsample.1.weight: copying a param with shape torch.Size([3, 1, 3, 3]) from checkpoint, the shape in current model is torch.Size([220, 1, 3, 3]).
	size mismatch for module.body3.downsample1.downsample.1.bias: copying a param with shape torch.Size([3]) from checkpoint, the shape in current model is torch.Size([220]).
	size mismatch for module.body3.nl.g.weight: copying a param with shape torch.Size([1, 3, 1, 1]) from checkpoint, the shape in current model is torch.Size([110, 220, 1, 1]).
	size mismatch for module.body3.nl.g.bias: copying a param with shape torch.Size([1]) from checkpoint, the shape in current model is torch.Size([110]).
	size mismatch for module.body3.nl.W.0.weight: copying a param with shape torch.Size([3, 1, 1, 1]) from checkpoint, the shape in current model is torch.Size([220, 110, 1, 1]).
	size mismatch for module.body3.nl.W.0.bias: copying a param with shape torch.Size([3]) from checkpoint, the shape in current model is torch.Size([220]).
	size mismatch for module.body3.nl.W.1.weight: copying a param with shape torch.Size([3]) from checkpoint, the shape in current model is torch.Size([220]).
	size mismatch for module.body3.nl.W.1.bias: copying a param with shape torch.Size([3]) from checkpoint, the shape in current model is torch.Size([220]).
	size mismatch for module.body3.nl.W.1.running_mean: copying a param with shape torch.Size([3]) from checkpoint, the shape in current model is torch.Size([220]).
	size mismatch for module.body3.nl.W.1.running_var: copying a param with shape torch.Size([3]) from checkpoint, the shape in current model is torch.Size([220]).
	size mismatch for module.body3.nl.theta.weight: copying a param with shape torch.Size([1, 3, 1, 1]) from checkpoint, the shape in current model is torch.Size([110, 220, 1, 1]).
	size mismatch for module.body3.nl.theta.bias: copying a param with shape torch.Size([1]) from checkpoint, the shape in current model is torch.Size([110]).
	size mismatch for module.body3.nl.phi.weight: copying a param with shape torch.Size([1, 3, 1, 1]) from checkpoint, the shape in current model is torch.Size([110, 220, 1, 1]).
	size mismatch for module.body3.nl.phi.bias: copying a param with shape torch.Size([1]) from checkpoint, the shape in current model is torch.Size([110]).
	size mismatch for module.res_x.0.upsample.0.weight: copying a param with shape torch.Size([3, 3, 3, 3]) from checkpoint, the shape in current model is torch.Size([220, 220, 3, 3]).
	size mismatch for module.res_x.0.upsample.0.bias: copying a param with shape torch.Size([3]) from checkpoint, the shape in current model is torch.Size([220]).
	size mismatch for module.res_x.0.upsample.1.weight: copying a param with shape torch.Size([3, 3, 3, 3]) from checkpoint, the shape in current model is torch.Size([220, 220, 3, 3]).
	size mismatch for module.res_x.0.upsample.1.bias: copying a param with shape torch.Size([3]) from checkpoint, the shape in current model is torch.Size([220]).
	size mismatch for module.res_x.1.weight: copying a param with shape torch.Size([31, 3, 1, 1]) from checkpoint, the shape in current model is torch.Size([31, 220, 1, 1]).
